\BOOKMARK [0][-]{chapter*.2}{\376\377\000C\000h\000a\000n\000g\000e\000\040\000L\000o\000g}{}% 1
\BOOKMARK [0][-]{chapter.1}{\376\377\000R\000e\000q\000u\000i\000r\000e\000m\000e\000n\000t\000s\000\040\000A\000n\000a\000l\000y\000s\000i\000s}{}% 2
\BOOKMARK [0][-]{chapter.2}{\376\377\000U\000s\000e\000r\000\040\000S\000t\000o\000r\000y}{}% 3
\BOOKMARK [0][-]{chapter.3}{\376\377\000K\000e\000y\000\040\000T\000e\000c\000h\000n\000i\000c\000a\000l\000\040\000C\000h\000a\000l\000l\000e\000n\000g\000e\000s}{}% 4
\BOOKMARK [0][-]{chapter.4}{\376\377\000W\000h\000a\000t\000'\000s\000\040\000N\000e\000w\000?}{}% 5
\BOOKMARK [0][-]{chapter.5}{\376\377\000W\000o\000r\000k\000f\000l\000o\000w}{}% 6
\BOOKMARK [0][-]{chapter.6}{\376\377\000U\000s\000e\000\040\000C\000a\000s\000e\000s}{}% 7
\BOOKMARK [1][-]{section.6.1}{\376\377\000A\000l\000e\000j\000a\000n\000d\000r\000o\000\040\000G\000a\000r\000c\000i\000a\000\040\000J\000r\000\040\040\023\000\040\000U\000s\000e\000\040\000C\000a\000s\000e\000s}{chapter.6}% 8
\BOOKMARK [2][-]{subsection.6.1.1}{\376\377\000U\000C\000:\000\040\000S\000e\000a\000r\000c\000h\000\040\000f\000o\000r\000\040\000A\000r\000t\000i\000s\000t\000\040\040\023\000\040\000F\000a\000n}{section.6.1}% 9
\BOOKMARK [2][-]{subsection.6.1.2}{\376\377\000U\000C\000:\000\040\000R\000e\000v\000i\000e\000w\000\040\000R\000e\000p\000o\000r\000t\000\040\040\023\000\040\000A\000d\000m\000i\000n}{section.6.1}% 10
\BOOKMARK [2][-]{subsection.6.1.3}{\376\377\000U\000C\000:\000\040\000C\000r\000e\000a\000t\000e\000\040\000E\000v\000e\000n\000t\000\040\040\023\000\040\000A\000r\000t\000i\000s\000t}{section.6.1}% 11
\BOOKMARK [1][-]{section.6.2}{\376\377\000[\000T\000e\000a\000m\000\040\000M\000e\000m\000b\000e\000r\000\040\000N\000a\000m\000e\000]\000\040\040\023\000\040\000U\000s\000e\000\040\000C\000a\000s\000e\000s}{chapter.6}% 12
\BOOKMARK [0][-]{chapter.7}{\376\377\000U\000s\000e\000\040\000C\000a\000s\000e\000\040\000D\000i\000a\000g\000r\000a\000m\000s}{}% 13
\BOOKMARK [0][-]{chapter.8}{\376\377\000S\000y\000s\000t\000e\000m\000\040\000S\000e\000q\000u\000e\000n\000c\000e\000\040\000D\000i\000a\000g\000r\000a\000m}{}% 14
\BOOKMARK [0][-]{chapter.9}{\376\377\000D\000o\000m\000a\000i\000n\000\040\000M\000o\000d\000e\000l}{}% 15
\BOOKMARK [0][-]{chapter.10}{\376\377\000O\000p\000e\000r\000a\000t\000i\000o\000n\000\040\000C\000o\000n\000t\000r\000a\000c\000t\000s}{}% 16
\BOOKMARK [0][-]{chapter.11}{\376\377\000T\000e\000s\000t\000\040\000C\000a\000s\000e\000s}{}% 17
\BOOKMARK [1][-]{section.11.1}{\376\377\000T\000e\000s\000t\000\040\000C\000a\000s\000e\000s\000\040\000f\000o\000r\000\040\000I\000t\000e\000r\000a\000t\000i\000o\000n\000\040\0001}{chapter.11}% 18
\BOOKMARK [1][-]{section.11.2}{\376\377\000T\000e\000s\000t\000\040\000C\000a\000s\000e\000s\000\040\000f\000o\000r\000\040\000I\000t\000e\000r\000a\000t\000i\000o\000n\000\040\0002}{chapter.11}% 19
\BOOKMARK [1][-]{section.11.3}{\376\377\000T\000e\000s\000t\000\040\000C\000a\000s\000e\000s\000\040\000f\000o\000r\000\040\000I\000t\000e\000r\000a\000t\000i\000o\000n\000\040\0003}{chapter.11}% 20
\BOOKMARK [1][-]{section.11.4}{\376\377\000T\000e\000s\000t\000\040\000C\000a\000s\000e\000s\000\040\000f\000o\000r\000\040\000F\000i\000n\000a\000l\000\040\000I\000t\000e\000r\000a\000t\000i\000o\000n}{chapter.11}% 21
